ASxxxx Linker V05.00,  page 1.
Hexidecimal  [16-Bits]

Area                       Addr        Size        Decimal Bytes (Attributes)
--------------------       ----        ----        ------- ----- ------------
.  .ABS.                   0000        0000 =           0. bytes (ABS,OVR,CSEG)

         Value  Global                             Global Defined In Module
         -----  --------------------------------   ------------------------
          0000  ROMDP                              
          0000  l__DATA                         
          0000  l__CODE                         
          0000  s__DATA                         
          0000  s__CODE                         
          0000  LED_YELLOW                         
          0000  PA_LATCH_OFF                       
          0000  PB_LATCH_OFF                       
          0000  TONE_ABC                           
          0000  .__.ABS.                           
          0000  SR_OFF                             
          0000  IER_CLR                            
          0000  T1_INT_TIMED                       
          0000  T2_INT_TIMED                       
          0000  PSG_A_FREQL                        
          0000  NOISE_ABC                          
          0000  CA2_IN_NEG                         
          0000  CB2_IN_NEG                         
          0000  RAMSTART                           
          0000  CA1_NEG                            
          0000  CB1_NEG                            
          0001  CA2_INT                            
          0001  CA1_POS                            
          0001  PA_LATCH_ON                        
          0001  TONE_BC                            
          0001  PSG_A_FREQH                        
          0001  BTN_UP                             
          0002  PB_LATCH_ON                        
          0002  TONE_AC                            
          0002  SYSRAM                             
          0002  CA2_IN_NEG_IND                     
          0002  PSG_B_FREQL                        
          0002  BTN_DOWN                           
          0002  CA1_INT                            
          0003  TONE_C                             
          0003  B150                               
          0003  PSG_B_FREQH                        
          0004  SR_IN_T2                           
          0004  TONE_AB                            
          0004  PSG_C_FREQL                        
          0004  LED_GREEN                          
          0004  BTN_LEFT                           
          0004  SR_INT                             
          0004  CA2_IN_POS                         
          0005  TONE_B                             
          0005  PSG_C_FREQH                        
          0006  PSG_NOISE_FREQ                     
          0006  TONE_A                             
          0006  B75                                
          0006  CA2_IN_POS_IND                     
ASxxxx Linker V05.00,  page 2.
Hexidecimal  [16-Bits]

Area                       Addr        Size        Decimal Bytes (Attributes)
--------------------       ----        ----        ------- ----- ------------
.  .ABS.                   0000        0000 =           0. bytes (ABS,OVR,CSEG)

         Value  Global                             Global Defined In Module
         -----  --------------------------------   ------------------------
          0007  TONE_NONE                          
          0007  PSG_CTRL                           
          0008  CB2_INT                            
          0008  BTN_RIGHT                          
          0008  CA2_OUT_HS                         
          0008  SR_IN_PHI2                         
          0008  LED_RED                            
          0008  PSG_A_AMPL                         
          0008  BACKSPACECHAR                      
          0008  NOISE_BC                           
          0009  PSG_B_AMPL                         
          0009  B50                                
          000A  PSG_C_AMPL                         
          000A  CA2_OUT_PULSE                      
          000A  NLCHAR                             
          000B  PSG_ENV_FREQL                      
          000C  PSG_ENV_FREQH                      
          000C  LED_OFF                            
          000C  CA2_OUT_LOW                        
          000C  SR_IN_EXT                          
          000D  PSG_ENV_SHAPE                      
          000D  CRCHAR                             
          000E  PSG_IO_A                           
          000E  CA2_OUT_HIGH                       
          000F  PSG_IO_B                           
          0010  CB1_INT                            
          0010  BTN_B                              
          0010  CB1_POS                            
          0010  NOISE_AC                           
          0010  SR_OUT_T2_FREE                     
          0010  ENV_ENABLE                         
          0014  SR_OUT_T2                          
          0018  NOISE_C                            
          0018  SR_OUT_PHI2                        
          001C  SR_OUT_EXT                         
          0020  BTN_C                              
          0020  T2_INT                             
          0020  T2_COUNT_PB6                       
          0020  CB2_IN_NEG_IND                     
          0020  NOISE_AB                           
          0028  NOISE_B                            
          0030  NOISE_A                            
          0038  NOISE_NONE                         
          0040  BTN_A                              
          0040  IO_A_OUTPUT                        
          0040  T1_INT                             
          0040  T1_INT_CONT                        
          0040  ROMSTKSTART                        
          0040  CB2_IN_POS                         
          0052  COUNT                              
          0060  CB2_IN_POS_IND                     
ASxxxx Linker V05.00,  page 3.
Hexidecimal  [16-Bits]

Area                       Addr        Size        Decimal Bytes (Attributes)
--------------------       ----        ----        ------- ----- ------------
.  .ABS.                   0000        0000 =           0. bytes (ABS,OVR,CSEG)

         Value  Global                             Global Defined In Module
         -----  --------------------------------   ------------------------
          007F  DELETECHAR                         
          0080  T1_INT_TIMED_1S                    
          0080  CB2_OUT_HS                         
          0080  IO_B_OUTPUT                        
          0080  BTN_START                          
          0080  IER_SET                            
          0080  ANY_INT                            
          00A0  CB2_OUT_PULSE                      
          00C0  IO_AB_OUTPUTS                      
          00C0  CB2_OUT_LOW                        
          00C0  T1_INT_CONT_SQ                     
          00E0  CB2_OUT_HIGH                       
          00EF  KBD_BUFMASK                        
          00F0  BTN_ANY                            
          00FE  ESC_CLRLINE                        
          00FF  ESC_CLRSCR                         
          0100  B115200                            
          0100  USERPROG_ORG                       
          0200  B57600                             
          0300  B38400                             
          0600  B19200                             
          0C00  B9600                              
          1000  B7200                              
          1800  B4800                              
          1C00  B2400                              
          4000  VRAM                               
          6000  B1200                              
          7FFF  STKSTART                           
          7FFF  RAMEND                             
          8000  XRAMSTART                          
          8001  B300                               
          BFFF  XRAMEND                            
          C000  B600                               
          C000  VIA_IRB                            
          C000  VIA                                
          C000  VIA_ORB                            
          C001  VIA_IRA                            
          C001  PAGE                               
          C001  VIA_ORA                            
          C002  VIA_DDRB                           
          C003  VIA_DDRA                           
          C004  VIA_T1CL                           
          C005  VIA_T1CH                           
          C006  VIA_T1LL                           
          C007  VIA_T1LH                           
          C008  VIA_T2CL                           
          C009  VIA_T2CH                           
          C00A  VIA_SR                             
          C00B  VIA_ACR                            
          C00C  VIA_PCR                            
          C00D  VIA_IFR                            
ASxxxx Linker V05.00,  page 4.
Hexidecimal  [16-Bits]

Area                       Addr        Size        Decimal Bytes (Attributes)
--------------------       ----        ----        ------- ----- ------------
.  .ABS.                   0000        0000 =           0. bytes (ABS,OVR,CSEG)

         Value  Global                             Global Defined In Module
         -----  --------------------------------   ------------------------
          C00E  VIA_IER                            
          C400  UART_RHR                           
          C400  UART_THR                           
          C400  UART_DLL                           
          C400  UART                               
          C401  UART_DLM                           
          C401  UART_IER                           
          C402  UART_ISR                           
          C402  UART_FCR                           
          C403  UART_LCR                           
          C404  UART_MCR                           
          C405  UART_LSR                           
          C406  UART_MSR                           
          C407  UART_SPR                           
          CC00  VDP                                
          CC00  VDP_VRAM                           
          CC01  VDP_REG                            
          CC02  PSG_READ_ADDR                      
          CC02  PSG                                
          CC02  PSG_LATCH_ADDR                     
          CC03  PSG_WRITE_ADDR                     
          CC04  VBANK_LOWER                        
          CC06  CTLR_CLR_SELECT                    
          CC0C  VBANK_UPPER                        
          CC0E  CTLR_SET_SELECT                    
          E000  ROMSTART                           

ASxxxx Linker V05.00,  page 5.
Hexidecimal  [16-Bits]
[ Bank == _CSEG ]

Area                       Addr        Size        Decimal Bytes (Attributes)
--------------------       ----        ----        ------- ----- ------------
_CODE                      0000        0000 =           0. bytes (ABS,OVR,CSEG)

         Value  Global                             Global Defined In Module
         -----  --------------------------------   ------------------------
          0002  SWI3VEC                            
          0004  SWI2VEC                            
          0006  FIRQVEC                            
          0008  IRQVEC                             
          000A  SWIVEC                             
          000C  NMIVEC                             
          000E  OUTCH                              
          0010  INCH                               
          0012  NUMRAMPAGES                        
          0013  RAM_KB_BCD                         
          0015  L                                  
          0015  LH                                 
          0017  LL                                 
          0019  CURSORPOS                          
          001B  KEYSTATE                           
          001C  KBD_SAVE                           
          001D  KBD_BITSLEFT                       
          001E  KBD_SCANCODE                       
          0020  KBD_BUFSTART                       
          002F  KBD_BUFEND                         
          0030  KBD_HEADPTR                        
          0031  KBD_HEADPTR_L                      
          0032  KBD_TAILPTR                        
          0033  KBD_TAILPTR_L                      
          E035  CALCRAMSIZE                        
          E070  UART_INIT                          
          E089  UART_IO                            
          E094  UART_SETLED                        
          E098  UART_OUTCH                         
          E0A3  UART_OUTCH_NW                      
          E0A7  UART_INCH                          
          E0B2  OUTNL                              
          E0BE  OUTSP                              
          E0C4  OUTBS                              
          E0CA  OUTSTR                             
          E0D5  OUTSTRNL                           
          E0DF  OUTSTRN                            
          E0EB  OUTHEXW                            
          E0F3  OUTHEXB                            
          E0FD  OUTHEXD                            
          E10B  OUTBCDW                            
          E11A  OUTBCDB                            
          E120  VDP_CLEAR                          
          E131  VDP_FILL                           
          E13C  VDP_INITTEXT                       
          E154  VDP_SET_REGS                       
          E163  VDP_LOADPATS                       
          E18F  VDP_LOADIPATS                      
          E1C3  VDP_PRINTPSTR                      
ASxxxx Linker V05.00,  page 6.
Hexidecimal  [16-Bits]
[ Bank == _CSEG ]

Area                       Addr        Size        Decimal Bytes (Attributes)
--------------------       ----        ----        ------- ----- ------------
_CODE                      0000        0000 =           0. bytes (ABS,OVR,CSEG)

         Value  Global                             Global Defined In Module
         -----  --------------------------------   ------------------------
          E1C5  VDP_PRINTSTR                       
          E1CD  VDP_PRINTSTRC                      
          E1D7  VDP_SETADDR                        
          E1E0  VDP_OUTCH                          
          E1E4  VDP_TEXT_ON                        
          E1F6  TEXTFONT                           
          E5F6  KBD_INIT                           
          E61E  KBD_ENABLE                         
          E650  KBD_GETCODE                        
          E66B  KBD_DECODE                         
          E853  TEXT_CONSOLE                       
          E88E  TEXT_CLEAR                         
          E8A8  TEXT_OUTCH                         
          E98D  TEXT_CLRLINE                       
          E98F  TEXT_CLRCURLN                      
          E9BA  TEXT_SETLINE                       
          E9C7  TEXT_SETCOL                        
          E9D5  KBD_INCH                           
          EA60  STARTUP                            
          FE40  REMOTEMONITOR                      
          FFEF  DUMMY_VECTOR                       

ASxxxx Linker V05.00,  page 7.

Files Linked                              [ module(s) ]

main.rel                                  [  ]


